CREATE EXTENSION prohibit_use_truncate;
CREATE TABLE test_table (id integer, number integer);
INSERT INTO test_table VALUES (1, 10);
TRUNCATE test_table;
ERROR:  Don't use TRUNCATE.
SELECT * FROM test_table;
 id | number 
----+--------
  1 |     10
(1 rows)

DROP TABLE test_table;
DROP EXTENSION prohibit_use_truncate;